co\th\ford\tms\controller\PaymentReportController.class
co\th\ford\tms\dao\LoadDaoImpl.class
co\th\ford\tms\service\CityService.class
co\th\ford\tms\dao\CityDaoImpl.class
co\th\ford\tms\service\UserServiceImpl.class
co\th\ford\tms\service\CityServiceImpl.class
co\th\ford\tms\service\LoadService.class
co\th\ford\tms\model\Roles.class
co\th\ford\tms\model\User.class
co\th\ford\tms\webservice\ProcessLoadRetrieve.class
co\th\ford\tms\service\PermissionMenuService.class
co\th\ford\tms\model\PaymentReport1.class
co\th\ford\tms\dao\UserDao.class
co\th\ford\tms\aesencrypt\EncryptDecryptPass.class
co\th\ford\tms\dao\DepartmentDao.class
co\th\ford\tms\timestamp\DateDifferent.class
co\th\ford\tms\service\UserService.class
co\th\ford\tms\controller\UserController.class
co\th\ford\tms\controller\CarrierController.class
co\th\ford\tms\configuration\HibernateConfiguration.class
co\th\ford\tms\dao\PermissionMenuDaoImpl.class
co\th\ford\tms\model\Carrier.class
co\th\ford\tms\service\PermissionMenuServiceImpl.class
co\th\ford\tms\configuration\AppInitializer.class
co\th\ford\tms\controller\SearchLoadIDController.class
co\th\ford\tms\service\LoadStopServiceImpl.class
co\th\ford\tms\webservice\Base.class
co\th\ford\tms\aesencrypt\AESCrypt.class
co\th\ford\tms\dao\LoadDao.class
co\th\ford\tms\controller\SecurityController.class
co\th\ford\tms\dao\PermissionMenuDao.class
co\th\ford\tms\model\Load.class
co\th\ford\tms\dao\RolesDao.class
co\th\ford\tms\dao\CarrierDao.class
co\th\ford\tms\service\CarrierService.class
co\th\ford\tms\controller\CalendarController.class
co\th\ford\tms\model\Department.class
co\th\ford\tms\service\SetStopETAServiceImpl.class
co\th\ford\tms\service\LoadServiceImpl.class
co\th\ford\tms\service\LoadStopService.class
co\th\ford\tms\service\DepartmentService.class
co\th\ford\tms\dao\LoadStopDao.class
co\th\ford\tms\model\LoadStop.class
co\th\ford\tms\dao\LoadStopDaoImpl.class
co\th\ford\tms\dao\CarrierDaoImpl.class
co\th\ford\tms\dao\AbstractDao.class
co\th\ford\tms\model\SetStopETA.class
co\th\ford\tms\webservice\FindEntities.class
co\th\ford\tms\webservice\ProcessSetStopETA.class
co\th\ford\tms\service\RolesService.class
co\th\ford\tms\model\Report1.class
co\th\ford\tms\dao\DepartmentDaoImpl.class
co\th\ford\tms\controller\ReportController.class
co\th\ford\tms\configuration\AppConfig.class
co\th\ford\tms\webservice\ProcessLoadStatusUpdate.class
co\th\ford\tms\dao\RolesDaoImpl.class
co\th\ford\tms\model\PermissionMenu.class
co\th\ford\tms\model\LoadListReport.class
co\th\ford\tms\service\SetStopETAService.class
co\th\ford\tms\service\CarrierServiceImpl.class
co\th\ford\tms\dao\UserDaoImpl.class
co\th\ford\tms\dao\CityDao.class
co\th\ford\tms\model\City.class
co\th\ford\tms\service\DepartmentServiceImpl.class
co\th\ford\tms\service\RolesServiceImpl.class
co\th\ford\tms\dao\SetStopETADao.class
co\th\ford\tms\dao\SetStopETADaoImpl.class
