D:\Program Files (x86)\FordTMS\src\main\java\co\th\ford\tms\service\UserServiceImpl.java
D:\Program Files (x86)\FordTMS\src\main\java\co\th\ford\tms\controller\ReportController.java
D:\Program Files (x86)\FordTMS\src\main\java\co\th\ford\tms\model\PermissionMenu.java
D:\Program Files (x86)\FordTMS\src\main\java\co\th\ford\tms\configuration\AppConfig.java
D:\Program Files (x86)\FordTMS\src\main\java\co\th\ford\tms\dao\CarrierDao.java
D:\Program Files (x86)\FordTMS\src\main\java\co\th\ford\tms\dao\UserDao.java
D:\Program Files (x86)\FordTMS\src\main\java\co\th\ford\tms\service\CityServiceImpl.java
D:\Program Files (x86)\FordTMS\src\main\java\co\th\ford\tms\model\LoadListReport.java
D:\Program Files (x86)\FordTMS\src\main\java\co\th\ford\tms\service\CityService.java
D:\Program Files (x86)\FordTMS\src\main\java\co\th\ford\tms\service\LoadServiceImpl.java
D:\Program Files (x86)\FordTMS\src\main\java\co\th\ford\tms\dao\LoadStopDaoImpl.java
D:\Program Files (x86)\FordTMS\src\main\java\co\th\ford\tms\dao\CityDaoImpl.java
D:\Program Files (x86)\FordTMS\src\main\java\co\th\ford\tms\dao\SetStopETADao.java
D:\Program Files (x86)\FordTMS\src\main\java\co\th\ford\tms\configuration\HibernateConfiguration.java
D:\Program Files (x86)\FordTMS\src\main\java\co\th\ford\tms\service\RolesService.java
D:\Program Files (x86)\FordTMS\src\main\java\co\th\ford\tms\dao\PermissionMenuDao.java
D:\Program Files (x86)\FordTMS\src\main\java\co\th\ford\tms\service\DepartmentServiceImpl.java
D:\Program Files (x86)\FordTMS\src\main\java\co\th\ford\tms\controller\SecurityController.java
D:\Program Files (x86)\FordTMS\src\main\java\co\th\ford\tms\controller\PaymentReportController.java
D:\Program Files (x86)\FordTMS\src\main\java\co\th\ford\tms\dao\RolesDao.java
D:\Program Files (x86)\FordTMS\src\main\java\co\th\ford\tms\service\CarrierService.java
D:\Program Files (x86)\FordTMS\src\main\java\co\th\ford\tms\webservice\ProcessLoadStatusUpdate.java
D:\Program Files (x86)\FordTMS\src\main\java\co\th\ford\tms\dao\LoadDaoImpl.java
D:\Program Files (x86)\FordTMS\src\main\java\co\th\ford\tms\timestamp\DateDifferent.java
D:\Program Files (x86)\FordTMS\src\main\java\co\th\ford\tms\service\LoadService.java
D:\Program Files (x86)\FordTMS\src\main\java\co\th\ford\tms\model\User.java
D:\Program Files (x86)\FordTMS\src\main\java\co\th\ford\tms\dao\CarrierDaoImpl.java
D:\Program Files (x86)\FordTMS\src\main\java\co\th\ford\tms\dao\AbstractDao.java
D:\Program Files (x86)\FordTMS\src\main\java\co\th\ford\tms\service\SetStopETAService.java
D:\Program Files (x86)\FordTMS\src\main\java\co\th\ford\tms\controller\DriversController.java
D:\Program Files (x86)\FordTMS\src\main\java\co\th\ford\tms\aesencrypt\EncryptDecryptPass.java
D:\Program Files (x86)\FordTMS\src\main\java\co\th\ford\tms\model\Department.java
D:\Program Files (x86)\FordTMS\src\main\java\co\th\ford\tms\dao\SetStopETADaoImpl.java
D:\Program Files (x86)\FordTMS\src\main\java\co\th\ford\tms\dao\UserDaoImpl.java
D:\Program Files (x86)\FordTMS\src\main\java\co\th\ford\tms\model\Roles.java
D:\Program Files (x86)\FordTMS\src\main\java\co\th\ford\tms\model\Load.java
D:\Program Files (x86)\FordTMS\src\main\java\co\th\ford\tms\service\CarrierServiceImpl.java
D:\Program Files (x86)\FordTMS\src\main\java\co\th\ford\tms\model\LoadStop.java
D:\Program Files (x86)\FordTMS\src\main\java\co\th\ford\tms\webservice\FindEntities.java
D:\Program Files (x86)\FordTMS\src\main\java\co\th\ford\tms\dao\RolesDaoImpl.java
D:\Program Files (x86)\FordTMS\src\main\java\co\th\ford\tms\dao\LoadStopDao.java
D:\Program Files (x86)\FordTMS\src\main\java\co\th\ford\tms\service\SetStopETAServiceImpl.java
D:\Program Files (x86)\FordTMS\src\main\java\co\th\ford\tms\service\PermissionMenuService.java
D:\Program Files (x86)\FordTMS\src\main\java\co\th\ford\tms\configuration\AppInitializer.java
D:\Program Files (x86)\FordTMS\src\main\java\co\th\ford\tms\service\PermissionMenuServiceImpl.java
D:\Program Files (x86)\FordTMS\src\main\java\co\th\ford\tms\dao\DepartmentDaoImpl.java
D:\Program Files (x86)\FordTMS\src\main\java\co\th\ford\tms\model\SetStopETA.java
D:\Program Files (x86)\FordTMS\src\main\java\co\th\ford\tms\webservice\Base.java
D:\Program Files (x86)\FordTMS\src\main\java\co\th\ford\tms\model\Carrier.java
D:\Program Files (x86)\FordTMS\src\main\java\co\th\ford\tms\service\LoadStopServiceImpl.java
D:\Program Files (x86)\FordTMS\src\main\java\co\th\ford\tms\dao\DepartmentDao.java
D:\Program Files (x86)\FordTMS\src\main\java\co\th\ford\tms\controller\CalendarController.java
D:\Program Files (x86)\FordTMS\src\main\java\co\th\ford\tms\model\Report1.java
D:\Program Files (x86)\FordTMS\src\main\java\co\th\ford\tms\controller\SearchLoadIDController.java
D:\Program Files (x86)\FordTMS\src\main\java\co\th\ford\tms\model\PaymentReport1.java
D:\Program Files (x86)\FordTMS\src\main\java\co\th\ford\tms\controller\CarrierController.java
D:\Program Files (x86)\FordTMS\src\main\java\co\th\ford\tms\webservice\ProcessSetStopETA.java
D:\Program Files (x86)\FordTMS\src\main\java\co\th\ford\tms\dao\CityDao.java
D:\Program Files (x86)\FordTMS\src\main\java\co\th\ford\tms\controller\UserController.java
D:\Program Files (x86)\FordTMS\src\main\java\co\th\ford\tms\service\UserService.java
D:\Program Files (x86)\FordTMS\src\main\java\co\th\ford\tms\webservice\ProcessLoadRetrieve.java
D:\Program Files (x86)\FordTMS\src\main\java\co\th\ford\tms\dao\LoadDao.java
D:\Program Files (x86)\FordTMS\src\main\java\co\th\ford\tms\service\RolesServiceImpl.java
D:\Program Files (x86)\FordTMS\src\main\java\co\th\ford\tms\service\DepartmentService.java
D:\Program Files (x86)\FordTMS\src\main\java\co\th\ford\tms\model\City.java
D:\Program Files (x86)\FordTMS\src\main\java\co\th\ford\tms\service\LoadStopService.java
D:\Program Files (x86)\FordTMS\src\main\java\co\th\ford\tms\aesencrypt\AESCrypt.java
D:\Program Files (x86)\FordTMS\src\main\java\co\th\ford\tms\dao\PermissionMenuDaoImpl.java
